// Jest Snapshot v1, https://goo.gl/fbAQLP

exports[`ThemeSwitch matches snapshot 1`] = `
<ReactSwitch
  activeBoxShadow="0 0 2px 3px #3bf"
  boxShadow={null}
  checked={false}
  checkedIcon={
    <FiMoon
      className="inline-block mx-2 my-1"
    />
  }
  className="text-gray-900 dark:text-gray-100 border border-gray-400 dark:border-0"
  disabled={false}
  height={28}
  offColor="#f7fafc"
  offHandleColor="#1a202c"
  onChange={[Function]}
  onColor="#1a202c"
  onHandleColor="#f7fafc"
  uncheckedIcon={
    <FiSun
      className="inline-block mx-2 my-1"
    />
  }
  width={56}
/>
`;
