// Jest Snapshot v1, https://goo.gl/fbAQLP

exports[`AppHeader matches snapshot 1`] = `
<header
  className="bg-white dark:bg-gray-800 py-2 px-3 flex items-center sticky top-0"
>
  <div
    className="mr-auto flex items-center"
  >
    <Link
      as="/"
      href="/"
    >
      <a
        className="flex-grow text-xl font-black text-black dark:text-white dark:hover:text-black"
        title="home"
      >
        My Project
      </a>
    </Link>
  </div>
  <div>
    <Dropdown
      buttonLabel={<FiMoreHorizontal />}
    >
      <ul
        className="w-40 space-y-4 py-2"
      >
        <li>
          <Link
            as="/components"
            href="/components"
          >
            <a
              className="text-green-600 hover:underline"
              title="components"
            >
              Components
            </a>
          </Link>
        </li>
        <li>
          <Link
            as="/typography"
            href="/typography"
          >
            <a
              className="text-green-600 hover:underline"
              title="Typography"
            >
              Typography
            </a>
          </Link>
        </li>
        <li>
          <hr
            className="dark:border-gray-700"
          />
        </li>
        <li
          className="flex items-center justify-between"
        >
          <span
            className="mr-auto text-sm text-gray-600"
          >
            Theme
          </span>
          <ForwardRef(LoadableComponent) />
        </li>
      </ul>
    </Dropdown>
  </div>
</header>
`;
